>TITLE Example 8.--Sorption of zinc on hydrous iron oxides.
#^^^^^ source.phreeqc keyword.control.phreeqc
#     ^^^^^^^^^ source.phreeqc
#              ^^ source.phreeqc constant.numeric.phreeqc
#                ^^^^^^^^^^^^^^^^^^^^^^^^^^^^^^^^^^^^^^^^^^^ source.phreeqc
>SURFACE_SPECIES
#^^^^^^^^^^^^^^^ source.phreeqc keyword.control.phreeqc
>     Hfo_sOH  + H+ = Hfo_sOH2+
#^^^^^^^^^^^^^^^^^^^^^^^^^^^^^^^ source.phreeqc
>     log_k  7.18
#^^^^^^^^^^^^ source.phreeqc
#            ^^^^ source.phreeqc constant.numeric.phreeqc
>     Hfo_sOH = Hfo_sO- + H+
#^^^^^^^^^^^^^^^^^^^^^^^^^^^^ source.phreeqc
>     log_k  -8.82
#^^^^^^^^^^^^ source.phreeqc
#            ^^^^^ source.phreeqc constant.numeric.phreeqc
>     Hfo_sOH + Zn+2 = Hfo_sOZn+ + H+
#^^^^^^^^^^^^^^^^^^ source.phreeqc
#                  ^ source.phreeqc constant.numeric.phreeqc
#                   ^^^^^^^^^^^^^^^^^^ source.phreeqc
>     log_k  0.66
#^^^^^^^^^^^^ source.phreeqc
#            ^^^^ source.phreeqc constant.numeric.phreeqc
>     Hfo_wOH  + H+ = Hfo_wOH2+
#^^^^^^^^^^^^^^^^^^^^^^^^^^^^^^^ source.phreeqc
>     log_k  7.18
#^^^^^^^^^^^^ source.phreeqc
#            ^^^^ source.phreeqc constant.numeric.phreeqc
>     Hfo_wOH = Hfo_wO- + H+
#^^^^^^^^^^^^^^^^^^^^^^^^^^^^ source.phreeqc
>     log_k  -8.82
#^^^^^^^^^^^^ source.phreeqc
#            ^^^^^ source.phreeqc constant.numeric.phreeqc
>     Hfo_wOH + Zn+2 = Hfo_wOZn+ + H+
#^^^^^^^^^^^^^^^^^^ source.phreeqc
#                  ^ source.phreeqc constant.numeric.phreeqc
#                   ^^^^^^^^^^^^^^^^^^ source.phreeqc
>     log_k  -2.32
#^^^^^^^^^^^^ source.phreeqc
#            ^^^^^ source.phreeqc constant.numeric.phreeqc
>SURFACE 1
#^^^^^^^ source.phreeqc keyword.control.phreeqc
#       ^ source.phreeqc
#        ^ source.phreeqc constant.numeric.phreeqc
>     Hfo_sOH        5e-6    600.    0.09
#^^^^^^^^^^^^^^^^^^^^ source.phreeqc
#                    ^^^^ source.phreeqc constant.numeric.phreeqc
#                        ^^^^ source.phreeqc
#                            ^^^^ source.phreeqc constant.numeric.phreeqc
#                                ^^^^ source.phreeqc
#                                    ^^^^ source.phreeqc constant.numeric.phreeqc
>     Hfo_wOH        2e-4
#^^^^^^^^^^^^^^^^^^^^ source.phreeqc
#                    ^^^^ source.phreeqc constant.numeric.phreeqc
>#     -donnan
#^^^^^^^^^^^^^ source.phreeqc comment.line.number-sign.phreeqc
>END
#^^^ source.phreeqc keyword.control.phreeqc
>SOLUTION 1
#^^^^^^^^ source.phreeqc keyword.control.phreeqc
#        ^ source.phreeqc
#         ^ source.phreeqc constant.numeric.phreeqc
>     -units  mmol/kgw
#^^^^^ source.phreeqc
#     ^^^^^^ source.phreeqc variable.parameter.phreeqc
#           ^^^^^^^^^^^ source.phreeqc
>     pH      8.0
#^^^^^^^^^^^^^ source.phreeqc
#             ^^^ source.phreeqc constant.numeric.phreeqc
>     Zn      0.0001 
#^^^^^^^^^^^^^ source.phreeqc
#             ^^^^^^ source.phreeqc constant.numeric.phreeqc
#                   ^^ source.phreeqc
>     Na      100.    charge 
#^^^^^^^^^^^^^ source.phreeqc
#             ^^^^ source.phreeqc constant.numeric.phreeqc
#                 ^^^^^^^^^^^^ source.phreeqc
>     N(5)    100.
#^^^^^^^ source.phreeqc
#       ^ source.phreeqc constant.numeric.phreeqc
#        ^^^^^ source.phreeqc
#             ^^^^ source.phreeqc constant.numeric.phreeqc
>SELECTED_OUTPUT
#^^^^^^^^^^^^^^^ source.phreeqc keyword.control.phreeqc
>     -file Zn1e_7
#^^^^^ source.phreeqc
#     ^^^^^ source.phreeqc variable.parameter.phreeqc
#          ^^^^^^^^ source.phreeqc
>     -reset false
#^^^^^ source.phreeqc
#     ^^^^^^ source.phreeqc variable.parameter.phreeqc
#           ^^^^^^^ source.phreeqc
>USER_PUNCH
#^^^^^^^^^^ source.phreeqc keyword.control.phreeqc
>  10 FOR i = 5.0 to 8 STEP 0.25
#^^ source.phreeqc
#  ^^ source.phreeqc constant.numeric.phreeqc
#    ^ source.phreeqc
#     ^^^ source.phreeqc keyword.control.basic.phreeqc
#        ^^^ source.phreeqc
#           ^ source.phreeqc keyword.operator.phreeqc
#            ^ source.phreeqc
#             ^^^ source.phreeqc constant.numeric.phreeqc
#                ^ source.phreeqc
#                 ^^ source.phreeqc keyword.control.basic.phreeqc
#                   ^ source.phreeqc
#                    ^ source.phreeqc constant.numeric.phreeqc
#                     ^ source.phreeqc
#                      ^^^^ source.phreeqc keyword.control.basic.phreeqc
#                          ^ source.phreeqc
#                           ^^^^ source.phreeqc constant.numeric.phreeqc
>  20 a$ = EOL$ + "USE solution 1" + CHR$(59) + " USE surface 1" + EOL$
#^^ source.phreeqc
#  ^^ source.phreeqc constant.numeric.phreeqc
#    ^^^^ source.phreeqc
#        ^ source.phreeqc keyword.operator.phreeqc
#         ^ source.phreeqc
#          ^^^^ source.phreeqc support.function.phreeqc
#              ^ source.phreeqc
#               ^ source.phreeqc keyword.operator.phreeqc
#                ^ source.phreeqc
#                 ^^^^^^^^^^^^^^^^ source.phreeqc string.quoted.double.phreeqc
#                                 ^ source.phreeqc
#                                  ^ source.phreeqc keyword.operator.phreeqc
#                                   ^ source.phreeqc
#                                    ^^^^ source.phreeqc support.function.basic.phreeqc
#                                        ^ source.phreeqc
#                                         ^^ source.phreeqc constant.numeric.phreeqc
#                                           ^^ source.phreeqc
#                                             ^ source.phreeqc keyword.operator.phreeqc
#                                              ^ source.phreeqc
#                                               ^^^^^^^^^^^^^^^^ source.phreeqc string.quoted.double.phreeqc
#                                                               ^ source.phreeqc
#                                                                ^ source.phreeqc keyword.operator.phreeqc
#                                                                 ^ source.phreeqc
#                                                                  ^^^^ source.phreeqc support.function.phreeqc
>  30 a$ = a$ + "EQUILIBRIUM_PHASES 1" + EOL$
#^^ source.phreeqc
#  ^^ source.phreeqc constant.numeric.phreeqc
#    ^^^^ source.phreeqc
#        ^ source.phreeqc keyword.operator.phreeqc
#         ^^^^ source.phreeqc
#             ^ source.phreeqc keyword.operator.phreeqc
#              ^ source.phreeqc
#               ^^^^^^^^^^^^^^^^^^^^^^ source.phreeqc string.quoted.double.phreeqc
#                                     ^ source.phreeqc
#                                      ^ source.phreeqc keyword.operator.phreeqc
#                                       ^ source.phreeqc
#                                        ^^^^ source.phreeqc support.function.phreeqc
>  40 a$ = a$ + "   Fix_H+ " + STR$(-i) + " NaOH 10.0" + EOL$
#^^ source.phreeqc
#  ^^ source.phreeqc constant.numeric.phreeqc
#    ^^^^ source.phreeqc
#        ^ source.phreeqc keyword.operator.phreeqc
#         ^^^^ source.phreeqc
#             ^ source.phreeqc keyword.operator.phreeqc
#              ^ source.phreeqc
#               ^^^^^^^^^^^^ source.phreeqc string.quoted.double.phreeqc
#                           ^ source.phreeqc
#                            ^ source.phreeqc keyword.operator.phreeqc
#                             ^ source.phreeqc
#                              ^^^^ source.phreeqc support.function.basic.phreeqc
#                                  ^ source.phreeqc
#                                   ^ source.phreeqc keyword.operator.phreeqc
#                                    ^^^ source.phreeqc
#                                       ^ source.phreeqc keyword.operator.phreeqc
#                                        ^ source.phreeqc
#                                         ^^^^^^^^^^^^ source.phreeqc string.quoted.double.phreeqc
#                                                     ^ source.phreeqc
#                                                      ^ source.phreeqc keyword.operator.phreeqc
#                                                       ^ source.phreeqc
#                                                        ^^^^ source.phreeqc support.function.phreeqc
>  50 a$ = a$ + "END" + EOL$
#^^ source.phreeqc
#  ^^ source.phreeqc constant.numeric.phreeqc
#    ^^^^ source.phreeqc
#        ^ source.phreeqc keyword.operator.phreeqc
#         ^^^^ source.phreeqc
#             ^ source.phreeqc keyword.operator.phreeqc
#              ^ source.phreeqc
#               ^^^^^ source.phreeqc string.quoted.double.phreeqc
#                    ^ source.phreeqc
#                     ^ source.phreeqc keyword.operator.phreeqc
#                      ^ source.phreeqc
#                       ^^^^ source.phreeqc support.function.phreeqc
>  60 PUNCH a$
#^^ source.phreeqc
#  ^^ source.phreeqc constant.numeric.phreeqc
#    ^ source.phreeqc
#     ^^^^^ source.phreeqc support.function.phreeqc
#          ^^^^ source.phreeqc
>  70 NEXT i
#^^ source.phreeqc
#  ^^ source.phreeqc constant.numeric.phreeqc
#    ^ source.phreeqc
#     ^^^^ source.phreeqc keyword.control.basic.phreeqc
#         ^^^ source.phreeqc
>END
#^^^ source.phreeqc keyword.control.phreeqc
>SOLUTION 2
#^^^^^^^^ source.phreeqc keyword.control.phreeqc
#        ^ source.phreeqc
#         ^ source.phreeqc constant.numeric.phreeqc
>     -units  mmol/kgw
#^^^^^ source.phreeqc
#     ^^^^^^ source.phreeqc variable.parameter.phreeqc
#           ^^^^^^^^^^^ source.phreeqc
>     pH      8.0
#^^^^^^^^^^^^^ source.phreeqc
#             ^^^ source.phreeqc constant.numeric.phreeqc
>     Zn      0.1 
#^^^^^^^^^^^^^ source.phreeqc
#             ^^^ source.phreeqc constant.numeric.phreeqc
#                ^^ source.phreeqc
>     Na      100.    charge 
#^^^^^^^^^^^^^ source.phreeqc
#             ^^^^ source.phreeqc constant.numeric.phreeqc
#                 ^^^^^^^^^^^^ source.phreeqc
>     N(5)    100.
#^^^^^^^ source.phreeqc
#       ^ source.phreeqc constant.numeric.phreeqc
#        ^^^^^ source.phreeqc
#             ^^^^ source.phreeqc constant.numeric.phreeqc
>SELECTED_OUTPUT
#^^^^^^^^^^^^^^^ source.phreeqc keyword.control.phreeqc
>     -file Zn1e_4
#^^^^^ source.phreeqc
#     ^^^^^ source.phreeqc variable.parameter.phreeqc
#          ^^^^^^^^ source.phreeqc
>     -reset false
#^^^^^ source.phreeqc
#     ^^^^^^ source.phreeqc variable.parameter.phreeqc
#           ^^^^^^^ source.phreeqc
>USER_PUNCH
#^^^^^^^^^^ source.phreeqc keyword.control.phreeqc
>  10 FOR i = 5 to 8 STEP 0.25
#^^ source.phreeqc
#  ^^ source.phreeqc constant.numeric.phreeqc
#    ^ source.phreeqc
#     ^^^ source.phreeqc keyword.control.basic.phreeqc
#        ^^^ source.phreeqc
#           ^ source.phreeqc keyword.operator.phreeqc
#            ^ source.phreeqc
#             ^ source.phreeqc constant.numeric.phreeqc
#              ^ source.phreeqc
#               ^^ source.phreeqc keyword.control.basic.phreeqc
#                 ^ source.phreeqc
#                  ^ source.phreeqc constant.numeric.phreeqc
#                   ^ source.phreeqc
#                    ^^^^ source.phreeqc keyword.control.basic.phreeqc
#                        ^ source.phreeqc
#                         ^^^^ source.phreeqc constant.numeric.phreeqc
>  20 a$ = EOL$ + "USE solution 2" + CHR$(59) + " USE surface 1" + EOL$
#^^ source.phreeqc
#  ^^ source.phreeqc constant.numeric.phreeqc
#    ^^^^ source.phreeqc
#        ^ source.phreeqc keyword.operator.phreeqc
#         ^ source.phreeqc
#          ^^^^ source.phreeqc support.function.phreeqc
#              ^ source.phreeqc
#               ^ source.phreeqc keyword.operator.phreeqc
#                ^ source.phreeqc
#                 ^^^^^^^^^^^^^^^^ source.phreeqc string.quoted.double.phreeqc
#                                 ^ source.phreeqc
#                                  ^ source.phreeqc keyword.operator.phreeqc
#                                   ^ source.phreeqc
#                                    ^^^^ source.phreeqc support.function.basic.phreeqc
#                                        ^ source.phreeqc
#                                         ^^ source.phreeqc constant.numeric.phreeqc
#                                           ^^ source.phreeqc
#                                             ^ source.phreeqc keyword.operator.phreeqc
#                                              ^ source.phreeqc
#                                               ^^^^^^^^^^^^^^^^ source.phreeqc string.quoted.double.phreeqc
#                                                               ^ source.phreeqc
#                                                                ^ source.phreeqc keyword.operator.phreeqc
#                                                                 ^ source.phreeqc
#                                                                  ^^^^ source.phreeqc support.function.phreeqc
>  30 a$ = a$ + "EQUILIBRIUM_PHASES 1" + EOL$
#^^ source.phreeqc
#  ^^ source.phreeqc constant.numeric.phreeqc
#    ^^^^ source.phreeqc
#        ^ source.phreeqc keyword.operator.phreeqc
#         ^^^^ source.phreeqc
#             ^ source.phreeqc keyword.operator.phreeqc
#              ^ source.phreeqc
#               ^^^^^^^^^^^^^^^^^^^^^^ source.phreeqc string.quoted.double.phreeqc
#                                     ^ source.phreeqc
#                                      ^ source.phreeqc keyword.operator.phreeqc
#                                       ^ source.phreeqc
#                                        ^^^^ source.phreeqc support.function.phreeqc
>  40 a$ = a$ + "   Fix_H+ " + STR$(-i) + " NaOH 10.0" + EOL$
#^^ source.phreeqc
#  ^^ source.phreeqc constant.numeric.phreeqc
#    ^^^^ source.phreeqc
#        ^ source.phreeqc keyword.operator.phreeqc
#         ^^^^ source.phreeqc
#             ^ source.phreeqc keyword.operator.phreeqc
#              ^ source.phreeqc
#               ^^^^^^^^^^^^ source.phreeqc string.quoted.double.phreeqc
#                           ^ source.phreeqc
#                            ^ source.phreeqc keyword.operator.phreeqc
#                             ^ source.phreeqc
#                              ^^^^ source.phreeqc support.function.basic.phreeqc
#                                  ^ source.phreeqc
#                                   ^ source.phreeqc keyword.operator.phreeqc
#                                    ^^^ source.phreeqc
#                                       ^ source.phreeqc keyword.operator.phreeqc
#                                        ^ source.phreeqc
#                                         ^^^^^^^^^^^^ source.phreeqc string.quoted.double.phreeqc
#                                                     ^ source.phreeqc
#                                                      ^ source.phreeqc keyword.operator.phreeqc
#                                                       ^ source.phreeqc
#                                                        ^^^^ source.phreeqc support.function.phreeqc
>  50 a$ = a$ + "END" + EOL$
#^^ source.phreeqc
#  ^^ source.phreeqc constant.numeric.phreeqc
#    ^^^^ source.phreeqc
#        ^ source.phreeqc keyword.operator.phreeqc
#         ^^^^ source.phreeqc
#             ^ source.phreeqc keyword.operator.phreeqc
#              ^ source.phreeqc
#               ^^^^^ source.phreeqc string.quoted.double.phreeqc
#                    ^ source.phreeqc
#                     ^ source.phreeqc keyword.operator.phreeqc
#                      ^ source.phreeqc
#                       ^^^^ source.phreeqc support.function.phreeqc
>  60 PUNCH a$
#^^ source.phreeqc
#  ^^ source.phreeqc constant.numeric.phreeqc
#    ^ source.phreeqc
#     ^^^^^ source.phreeqc support.function.phreeqc
#          ^^^^ source.phreeqc
>  70 NEXT i
#^^ source.phreeqc
#  ^^ source.phreeqc constant.numeric.phreeqc
#    ^ source.phreeqc
#     ^^^^ source.phreeqc keyword.control.basic.phreeqc
#         ^^^ source.phreeqc
>END
#^^^ source.phreeqc keyword.control.phreeqc
>#
#^ source.phreeqc comment.line.number-sign.phreeqc
># Model definitions
#^^^^^^^^^^^^^^^^^^^ source.phreeqc comment.line.number-sign.phreeqc
>#
#^ source.phreeqc comment.line.number-sign.phreeqc
>PHASES
#^^^^^^ source.phreeqc keyword.control.phreeqc
>     Fix_H+
#^^^^^^^^^^^^ source.phreeqc
>     H+ = H+
#^^^^^^^^^^^^^ source.phreeqc
>     log_k  0.0
#^^^^^^^^^^^^ source.phreeqc
#            ^^^ source.phreeqc constant.numeric.phreeqc
>END
#^^^ source.phreeqc keyword.control.phreeqc
>#
#^ source.phreeqc comment.line.number-sign.phreeqc
>#   Zn = 1e-7
#^^^^^^^^^^^^^ source.phreeqc comment.line.number-sign.phreeqc
>SELECTED_OUTPUT
#^^^^^^^^^^^^^^^ source.phreeqc keyword.control.phreeqc
>     -file ex8.sel
#^^^^^ source.phreeqc
#     ^^^^^ source.phreeqc variable.parameter.phreeqc
#          ^^^^^^^^^ source.phreeqc
>     -reset true
#^^^^^ source.phreeqc
#     ^^^^^^ source.phreeqc variable.parameter.phreeqc
#           ^^^^^^ source.phreeqc
>     -molalities     Zn+2    Hfo_wOZn+      Hfo_sOZn+
#^^^^^ source.phreeqc
#     ^^^^^^^^^^^ source.phreeqc variable.parameter.phreeqc
#                ^^^^^^^^ source.phreeqc
#                        ^ source.phreeqc constant.numeric.phreeqc
#                         ^^^^^^^^^^^^^^^^^^^^^^^^^^^^^ source.phreeqc
>USER_PUNCH
#^^^^^^^^^^ source.phreeqc keyword.control.phreeqc
> 10
#^ source.phreeqc
# ^^ source.phreeqc constant.numeric.phreeqc
>USER_GRAPH 1 Example 8
#^^^^^^^^^^ source.phreeqc keyword.control.phreeqc
#          ^ source.phreeqc
#           ^ source.phreeqc constant.numeric.phreeqc
#            ^^^^^^^^^ source.phreeqc
#                     ^ source.phreeqc constant.numeric.phreeqc
>     -headings pH Zn_solute Zn_weak_sites Zn_strong_sites Charge_balance
#^^^^^ source.phreeqc
#     ^^^^^^^^^ source.phreeqc variable.parameter.phreeqc
#              ^^^^^^^^^^^^^^^^^^^^^^^^^^^^^^^^^^^^^^^^^^^^ source.phreeqc
#                                                          ^^^^^^^^^^^^^^ source.phreeqc support.function.phreeqc
>     -chart_title "Total Zn = 1e-7 molal"
#^^^^^ source.phreeqc
#     ^^^^^^^^^^^^ source.phreeqc variable.parameter.phreeqc
#                 ^ source.phreeqc
#                  ^^^^^^^^^^^^^^^^^^^^^^^ source.phreeqc string.quoted.double.phreeqc
>     -axis_titles pH "Moles per kilogram water" "Charge balance, in milliequivalents"
#^^^^^ source.phreeqc
#     ^^^^^^^^^^^^ source.phreeqc variable.parameter.phreeqc
#                 ^^^^ source.phreeqc
#                     ^^^^^^^^^^^^^^^^^^^^^^^^^^ source.phreeqc string.quoted.double.phreeqc
#                                               ^ source.phreeqc
#                                                ^^^^^^^^^^^^^^^^^^^^^^^^^^^^^^^^^^^^^ source.phreeqc string.quoted.double.phreeqc
>     -axis_scale x_axis 5.0 8.0 1 0.25
#^^^^^ source.phreeqc
#     ^^^^^^^^^^^ source.phreeqc variable.parameter.phreeqc
#                ^^^^^^^^ source.phreeqc
#                        ^^^ source.phreeqc constant.numeric.phreeqc
#                           ^ source.phreeqc
#                            ^^^ source.phreeqc constant.numeric.phreeqc
#                               ^ source.phreeqc
#                                ^ source.phreeqc constant.numeric.phreeqc
#                                 ^ source.phreeqc
#                                  ^^^^ source.phreeqc constant.numeric.phreeqc
>     -axis_scale y_axis 1e-11 1e-6 1 1 log
#^^^^^ source.phreeqc
#     ^^^^^^^^^^^ source.phreeqc variable.parameter.phreeqc
#                ^^^^^^^^ source.phreeqc
#                        ^^^^^ source.phreeqc constant.numeric.phreeqc
#                             ^ source.phreeqc
#                              ^^^^ source.phreeqc constant.numeric.phreeqc
#                                  ^ source.phreeqc
#                                   ^ source.phreeqc constant.numeric.phreeqc
#                                    ^ source.phreeqc
#                                     ^ source.phreeqc constant.numeric.phreeqc
#                                      ^ source.phreeqc
#                                       ^^^ source.phreeqc support.function.basic.phreeqc
>     -axis_scale sy_axis -0.15 0 0.03
#^^^^^ source.phreeqc
#     ^^^^^^^^^^^ source.phreeqc variable.parameter.phreeqc
#                ^^^^^^^^^ source.phreeqc
#                         ^^^^^ source.phreeqc constant.numeric.phreeqc
#                              ^ source.phreeqc
#                               ^ source.phreeqc constant.numeric.phreeqc
#                                ^ source.phreeqc
#                                 ^^^^ source.phreeqc constant.numeric.phreeqc
>  -start
#^^ source.phreeqc
#  ^^^^^^ source.phreeqc variable.parameter.phreeqc
>  10 GRAPH_X -LA("H+")
#^^ source.phreeqc
#  ^^ source.phreeqc constant.numeric.phreeqc
#    ^ source.phreeqc
#     ^^^^^^^ source.phreeqc support.function.phreeqc
#            ^ source.phreeqc
#             ^ source.phreeqc keyword.operator.phreeqc
#              ^^ source.phreeqc support.function.phreeqc
#                ^ source.phreeqc
#                 ^^^^ source.phreeqc string.quoted.double.phreeqc
#                     ^^ source.phreeqc
>  20 GRAPH_Y MOL("Zn+2"), MOL("Hfo_wOZn+"), MOL("Hfo_sOZn+")
#^^ source.phreeqc
#  ^^ source.phreeqc constant.numeric.phreeqc
#    ^ source.phreeqc
#     ^^^^^^^ source.phreeqc support.function.phreeqc
#            ^ source.phreeqc
#             ^^^ source.phreeqc support.function.phreeqc
#                ^ source.phreeqc
#                 ^^^^^^ source.phreeqc string.quoted.double.phreeqc
#                       ^^^ source.phreeqc
#                          ^^^ source.phreeqc support.function.phreeqc
#                             ^ source.phreeqc
#                              ^^^^^^^^^^^ source.phreeqc string.quoted.double.phreeqc
#                                         ^^^ source.phreeqc
#                                            ^^^ source.phreeqc support.function.phreeqc
#                                               ^ source.phreeqc
#                                                ^^^^^^^^^^^ source.phreeqc string.quoted.double.phreeqc
#                                                           ^^ source.phreeqc
>  30 GRAPH_SY CHARGE_BALANCE * 1e3
#^^ source.phreeqc
#  ^^ source.phreeqc constant.numeric.phreeqc
#    ^ source.phreeqc
#     ^^^^^^^^ source.phreeqc support.function.phreeqc
#             ^ source.phreeqc
#              ^^^^^^^^^^^^^^ source.phreeqc support.function.phreeqc
#                            ^ source.phreeqc
#                             ^ source.phreeqc keyword.operator.phreeqc
#                              ^ source.phreeqc
#                               ^^^ source.phreeqc constant.numeric.phreeqc
>  -end
#^^ source.phreeqc
#  ^^^^ source.phreeqc variable.parameter.phreeqc
>INCLUDE$ Zn1e_7
#^^^^^^^^ source.phreeqc keyword.control.phreeqc
#        ^^^^^^^^ source.phreeqc
>END
#^^^ source.phreeqc keyword.control.phreeqc
>USER_GRAPH 1
#^^^^^^^^^^ source.phreeqc keyword.control.phreeqc
#          ^ source.phreeqc
#           ^ source.phreeqc constant.numeric.phreeqc
>     -detach
#^^^^^ source.phreeqc
#     ^^^^^^^ source.phreeqc variable.parameter.phreeqc
>END
#^^^ source.phreeqc keyword.control.phreeqc
>#
#^ source.phreeqc comment.line.number-sign.phreeqc
>#   Zn = 1e-4
#^^^^^^^^^^^^^ source.phreeqc comment.line.number-sign.phreeqc
>USER_GRAPH 2 Example 8
#^^^^^^^^^^ source.phreeqc keyword.control.phreeqc
#          ^ source.phreeqc
#           ^ source.phreeqc constant.numeric.phreeqc
#            ^^^^^^^^^ source.phreeqc
#                     ^ source.phreeqc constant.numeric.phreeqc
>     -chart_title "Total Zn = 1e-4 molal"
#^^^^^ source.phreeqc
#     ^^^^^^^^^^^^ source.phreeqc variable.parameter.phreeqc
#                 ^ source.phreeqc
#                  ^^^^^^^^^^^^^^^^^^^^^^^ source.phreeqc string.quoted.double.phreeqc
>     -headings pH Zn_solute Zn_weak_sites Zn_strong_sites Charge_balance
#^^^^^ source.phreeqc
#     ^^^^^^^^^ source.phreeqc variable.parameter.phreeqc
#              ^^^^^^^^^^^^^^^^^^^^^^^^^^^^^^^^^^^^^^^^^^^^ source.phreeqc
#                                                          ^^^^^^^^^^^^^^ source.phreeqc support.function.phreeqc
>     -axis_titles pH "Moles per kilogram water" "Charge balance, in milliequivalents"
#^^^^^ source.phreeqc
#     ^^^^^^^^^^^^ source.phreeqc variable.parameter.phreeqc
#                 ^^^^ source.phreeqc
#                     ^^^^^^^^^^^^^^^^^^^^^^^^^^ source.phreeqc string.quoted.double.phreeqc
#                                               ^ source.phreeqc
#                                                ^^^^^^^^^^^^^^^^^^^^^^^^^^^^^^^^^^^^^ source.phreeqc string.quoted.double.phreeqc
>     -axis_scale x_axis 5.0 8.0 1 0.25
#^^^^^ source.phreeqc
#     ^^^^^^^^^^^ source.phreeqc variable.parameter.phreeqc
#                ^^^^^^^^ source.phreeqc
#                        ^^^ source.phreeqc constant.numeric.phreeqc
#                           ^ source.phreeqc
#                            ^^^ source.phreeqc constant.numeric.phreeqc
#                               ^ source.phreeqc
#                                ^ source.phreeqc constant.numeric.phreeqc
#                                 ^ source.phreeqc
#                                  ^^^^ source.phreeqc constant.numeric.phreeqc
>     -axis_scale y_axis 1e-8 1e-3 1 1 log
#^^^^^ source.phreeqc
#     ^^^^^^^^^^^ source.phreeqc variable.parameter.phreeqc
#                ^^^^^^^^ source.phreeqc
#                        ^^^^ source.phreeqc constant.numeric.phreeqc
#                            ^ source.phreeqc
#                             ^^^^ source.phreeqc constant.numeric.phreeqc
#                                 ^ source.phreeqc
#                                  ^ source.phreeqc constant.numeric.phreeqc
#                                   ^ source.phreeqc
#                                    ^ source.phreeqc constant.numeric.phreeqc
#                                     ^ source.phreeqc
#                                      ^^^ source.phreeqc support.function.basic.phreeqc
>     -axis_scale sy_axis -0.15 0 0.03
#^^^^^ source.phreeqc
#     ^^^^^^^^^^^ source.phreeqc variable.parameter.phreeqc
#                ^^^^^^^^^ source.phreeqc
#                         ^^^^^ source.phreeqc constant.numeric.phreeqc
#                              ^ source.phreeqc
#                               ^ source.phreeqc constant.numeric.phreeqc
#                                ^ source.phreeqc
#                                 ^^^^ source.phreeqc constant.numeric.phreeqc
>  -start
#^^ source.phreeqc
#  ^^^^^^ source.phreeqc variable.parameter.phreeqc
>  10 GRAPH_X -LA("H+")
#^^ source.phreeqc
#  ^^ source.phreeqc constant.numeric.phreeqc
#    ^ source.phreeqc
#     ^^^^^^^ source.phreeqc support.function.phreeqc
#            ^ source.phreeqc
#             ^ source.phreeqc keyword.operator.phreeqc
#              ^^ source.phreeqc support.function.phreeqc
#                ^ source.phreeqc
#                 ^^^^ source.phreeqc string.quoted.double.phreeqc
#                     ^^ source.phreeqc
>  20 GRAPH_Y MOL("Zn+2"), MOL("Hfo_wOZn+"), MOL("Hfo_sOZn+")
#^^ source.phreeqc
#  ^^ source.phreeqc constant.numeric.phreeqc
#    ^ source.phreeqc
#     ^^^^^^^ source.phreeqc support.function.phreeqc
#            ^ source.phreeqc
#             ^^^ source.phreeqc support.function.phreeqc
#                ^ source.phreeqc
#                 ^^^^^^ source.phreeqc string.quoted.double.phreeqc
#                       ^^^ source.phreeqc
#                          ^^^ source.phreeqc support.function.phreeqc
#                             ^ source.phreeqc
#                              ^^^^^^^^^^^ source.phreeqc string.quoted.double.phreeqc
#                                         ^^^ source.phreeqc
#                                            ^^^ source.phreeqc support.function.phreeqc
#                                               ^ source.phreeqc
#                                                ^^^^^^^^^^^ source.phreeqc string.quoted.double.phreeqc
#                                                           ^^ source.phreeqc
>  30 GRAPH_SY CHARGE_BALANCE * 1e3
#^^ source.phreeqc
#  ^^ source.phreeqc constant.numeric.phreeqc
#    ^ source.phreeqc
#     ^^^^^^^^ source.phreeqc support.function.phreeqc
#             ^ source.phreeqc
#              ^^^^^^^^^^^^^^ source.phreeqc support.function.phreeqc
#                            ^ source.phreeqc
#                             ^ source.phreeqc keyword.operator.phreeqc
#                              ^ source.phreeqc
#                               ^^^ source.phreeqc constant.numeric.phreeqc
>  -end        
#^^ source.phreeqc
#  ^^^^ source.phreeqc variable.parameter.phreeqc
#      ^^^^^^^^^ source.phreeqc
>INCLUDE$ Zn1e_4
#^^^^^^^^ source.phreeqc keyword.control.phreeqc
#        ^^^^^^^^ source.phreeqc
>END
#^^^ source.phreeqc keyword.control.phreeqc